manyIPs.trace 1431329881.614770 195.806282 199999 199999
