1431329876.000005 131.114.171.9 48461 206.219.13.112 80 240 59266 N 1152 610292160
