131.114.171.9 206.219.13.112 2 576
206.219.12.89 7.230.51.37 3 4344
