1431329876.000005 131.114.171.9 48461 206.219.13.112 80 240 59266 N 1152 610292160
1431329881.614770 131.114.171.9 48461 206.219.13.112 80 240 15495 N 1152 610292160
1431329881.614985 206.219.12.89 993 7.230.51.37 36169 62 59341 N 49232 1257774852
1431329881.615110 206.219.12.89 993 7.230.51.37 36169 62 59342 N 49232 1257776300
1431329881.615249 206.219.12.89 993 7.230.51.37 36169 62 59343 N 49232 1257777748
